// Jest Snapshot v1, https://goo.gl/fbAQLP

exports[`CollectionPreview renders 1`] = `
<DocumentFragment>
  <div
    class="collection-preview"
  >
    <h1
      class="title"
    />
    <div
      class="preview"
    />
  </div>
</DocumentFragment>
`;
