// Jest Snapshot v1, https://goo.gl/fbAQLP

exports[`Cart Dropdown renders 1`] = `
<DocumentFragment>
  <div
    class="cart-dropdown"
  >
    <div
      class="cart-items"
    />
    <button
      class=" custom-button"
    >
      GO TO CHECKOUT
    </button>
  </div>
</DocumentFragment>
`;
