// Jest Snapshot v1, https://goo.gl/fbAQLP

exports[`CustomButton renders 1`] = `
<DocumentFragment>
  <button
    class=" custom-button"
  />
</DocumentFragment>
`;
