// Jest Snapshot v1, https://goo.gl/fbAQLP

exports[`HomePage renders 1`] = `
<DocumentFragment>
  <div
    class="homepage"
  >
    <div
      class="directory-menu"
      data-testid="directory-menu"
    >
      <div
        class="menu-item undefined"
      >
        <div
          class="bg"
          style="background-image: url(https://i.ibb.co/cvpntL1/hats.png);"
        />
        <div
          class="content"
        >
          <h1
            class="title"
          >
            HATS
          </h1>
          <span
            class="subtitle"
          >
            Shop Now
          </span>
        </div>
      </div>
      <div
        class="menu-item undefined"
      >
        <div
          class="bg"
          style="background-image: url(https://i.ibb.co/px2tCc3/jackets.png);"
        />
        <div
          class="content"
        >
          <h1
            class="title"
          >
            JACKETS
          </h1>
          <span
            class="subtitle"
          >
            Shop Now
          </span>
        </div>
      </div>
      <div
        class="menu-item undefined"
      >
        <div
          class="bg"
          style="background-image: url(https://i.ibb.co/0jqHpnp/sneakers.png);"
        />
        <div
          class="content"
        >
          <h1
            class="title"
          >
            SNEAKERS
          </h1>
          <span
            class="subtitle"
          >
            Shop Now
          </span>
        </div>
      </div>
      <div
        class="menu-item large"
      >
        <div
          class="bg"
          style="background-image: url(https://i.ibb.co/GCCdy8t/womens.png);"
        />
        <div
          class="content"
        >
          <h1
            class="title"
          >
            WOMENS
          </h1>
          <span
            class="subtitle"
          >
            Shop Now
          </span>
        </div>
      </div>
      <div
        class="menu-item large"
      >
        <div
          class="bg"
          style="background-image: url(https://i.ibb.co/R70vBrQ/men.png);"
        />
        <div
          class="content"
        >
          <h1
            class="title"
          >
            MENS
          </h1>
          <span
            class="subtitle"
          >
            Shop Now
          </span>
        </div>
      </div>
    </div>
  </div>
</DocumentFragment>
`;
