// Jest Snapshot v1, https://goo.gl/fbAQLP

exports[`Cart Icon renders 1`] = `
<DocumentFragment>
  <div
    class="cart-icon"
  >
    <svg
      class="shopping-icon"
    >
      shopping-bag.svg
    </svg>
    <span
      class="item-count"
      data-testid="counter"
    >
      0
    </span>
  </div>
</DocumentFragment>
`;
